
> restrokhata-landing@1.0.0 build
> next build

   ▲ Next.js 15.5.18

